// Jest Snapshot v1, https://goo.gl/fbAQLP

exports[`EnergyMonitor should render correctly 1`] = `
<div
  className="sc-htpNat hBjKFs"
>
  <div
    className="sc-bxivhb AtLef"
  >
    <h2
      className="sc-EHOje byRdfD"
    >
      Estimated Usage
    </h2>
    <div
      className="sc-bdVaJa fffyFS"
    >
      <div
        className="VictoryContainer"
        style={
          Object {
            "height": "100%",
            "pointerEvents": "none",
            "position": "relative",
            "touchAction": "none",
            "userSelect": "none",
            "width": "100%",
          }
        }
      >
        <svg
          height={300}
          role="img"
          style={
            Object {
              "height": "auto",
              "pointerEvents": "all",
              "width": "100%",
            }
          }
          viewBox="0 0 450 300"
          width={450}
        >
          <g
            role="presentation"
          />
          <g
            role="presentation"
          >
            <line
              role="presentation"
              shapeRendering="auto"
              style={
                Object {
                  "fill": "transparent",
                  "stroke": "#252525",
                  "strokeLinecap": "round",
                  "strokeLinejoin": "round",
                  "strokeWidth": 1,
                }
              }
              vectorEffect="non-scaling-stroke"
              x1={50}
              x2={50}
              y1={50}
              y2={250}
            />
            <g
              role="presentation"
            >
              <text
                direction="inherit"
                dx={0}
                dy={4.97}
                id="chart-axis-1-tickLabels-0"
                x={39}
                y={213.96396396396398}
              >
                <tspan
                  dx={0}
                  style={
                    Object {
                      "fill": "#252525",
                      "fontFamily": "'Gill Sans', 'Gill Sans MT', 'Seravek', 'Trebuchet MS', sans-serif",
                      "fontSize": 14,
                      "letterSpacing": "normal",
                      "padding": 10,
                      "stroke": "transparent",
                    }
                  }
                  textAnchor="end"
                  x={39}
                >
                  0.2
                </tspan>
              </text>
            </g>
            <g
              role="presentation"
            >
              <text
                direction="inherit"
                dx={0}
                dy={4.97}
                id="chart-axis-1-tickLabels-1"
                x={39}
                y={177.92792792792793}
              >
                <tspan
                  dx={0}
                  style={
                    Object {
                      "fill": "#252525",
                      "fontFamily": "'Gill Sans', 'Gill Sans MT', 'Seravek', 'Trebuchet MS', sans-serif",
                      "fontSize": 14,
                      "letterSpacing": "normal",
                      "padding": 10,
                      "stroke": "transparent",
                    }
                  }
                  textAnchor="end"
                  x={39}
                >
                  0.4
                </tspan>
              </text>
            </g>
            <g
              role="presentation"
            >
              <text
                direction="inherit"
                dx={0}
                dy={4.97}
                id="chart-axis-1-tickLabels-2"
                x={39}
                y={141.8918918918919}
              >
                <tspan
                  dx={0}
                  style={
                    Object {
                      "fill": "#252525",
                      "fontFamily": "'Gill Sans', 'Gill Sans MT', 'Seravek', 'Trebuchet MS', sans-serif",
                      "fontSize": 14,
                      "letterSpacing": "normal",
                      "padding": 10,
                      "stroke": "transparent",
                    }
                  }
                  textAnchor="end"
                  x={39}
                >
                  0.6
                </tspan>
              </text>
            </g>
            <g
              role="presentation"
            >
              <text
                direction="inherit"
                dx={0}
                dy={4.97}
                id="chart-axis-1-tickLabels-3"
                x={39}
                y={105.85585585585585}
              >
                <tspan
                  dx={0}
                  style={
                    Object {
                      "fill": "#252525",
                      "fontFamily": "'Gill Sans', 'Gill Sans MT', 'Seravek', 'Trebuchet MS', sans-serif",
                      "fontSize": 14,
                      "letterSpacing": "normal",
                      "padding": 10,
                      "stroke": "transparent",
                    }
                  }
                  textAnchor="end"
                  x={39}
                >
                  0.8
                </tspan>
              </text>
            </g>
            <g
              role="presentation"
            >
              <text
                direction="inherit"
                dx={0}
                dy={4.97}
                id="chart-axis-1-tickLabels-4"
                x={39}
                y={69.81981981981983}
              >
                <tspan
                  dx={0}
                  style={
                    Object {
                      "fill": "#252525",
                      "fontFamily": "'Gill Sans', 'Gill Sans MT', 'Seravek', 'Trebuchet MS', sans-serif",
                      "fontSize": 14,
                      "letterSpacing": "normal",
                      "padding": 10,
                      "stroke": "transparent",
                    }
                  }
                  textAnchor="end"
                  x={39}
                >
                  1.0
                </tspan>
              </text>
            </g>
          </g>
          <g
            role="presentation"
          >
            <line
              role="presentation"
              shapeRendering="auto"
              style={
                Object {
                  "fill": "transparent",
                  "stroke": "#252525",
                  "strokeLinecap": "round",
                  "strokeLinejoin": "round",
                  "strokeWidth": 1,
                }
              }
              vectorEffect="non-scaling-stroke"
              x1={50}
              x2={400}
              y1={250}
              y2={250}
            />
            <text
              direction="inherit"
              dx={0}
              dy={11.969999999999999}
              id="chart-axis-2-axisLabel-0"
              x={225}
              y={285}
            >
              <tspan
                dx={0}
                style={
                  Object {
                    "fill": "#252525",
                    "fontFamily": "'Gill Sans', 'Gill Sans MT', 'Seravek', 'Trebuchet MS', sans-serif",
                    "fontSize": 14,
                    "letterSpacing": "normal",
                    "padding": 35,
                    "stroke": "transparent",
                    "textAnchor": "middle",
                  }
                }
                textAnchor="middle"
                x={225}
              >
                Usage (kWh)
              </tspan>
            </text>
            <g
              role="presentation"
            >
              <text
                direction="inherit"
                dx={0}
                dy={11.969999999999999}
                id="chart-axis-2-tickLabels-0"
                x={116.01231716705158}
                y={261}
              >
                <tspan
                  dx={0}
                  style={
                    Object {
                      "fill": "#252525",
                      "fontFamily": "'Gill Sans', 'Gill Sans MT', 'Seravek', 'Trebuchet MS', sans-serif",
                      "fontSize": 14,
                      "letterSpacing": "normal",
                      "padding": 10,
                      "stroke": "transparent",
                    }
                  }
                  textAnchor="middle"
                  x={116.01231716705158}
                >
                  0.2
                </tspan>
              </text>
            </g>
            <g
              role="presentation"
            >
              <text
                direction="inherit"
                dx={0}
                dy={11.969999999999999}
                id="chart-axis-2-tickLabels-1"
                x={182.02463433410315}
                y={261}
              >
                <tspan
                  dx={0}
                  style={
                    Object {
                      "fill": "#252525",
                      "fontFamily": "'Gill Sans', 'Gill Sans MT', 'Seravek', 'Trebuchet MS', sans-serif",
                      "fontSize": 14,
                      "letterSpacing": "normal",
                      "padding": 10,
                      "stroke": "transparent",
                    }
                  }
                  textAnchor="middle"
                  x={182.02463433410315}
                >
                  0.4
                </tspan>
              </text>
            </g>
            <g
              role="presentation"
            >
              <text
                direction="inherit"
                dx={0}
                dy={11.969999999999999}
                id="chart-axis-2-tickLabels-2"
                x={248.0369515011547}
                y={261}
              >
                <tspan
                  dx={0}
                  style={
                    Object {
                      "fill": "#252525",
                      "fontFamily": "'Gill Sans', 'Gill Sans MT', 'Seravek', 'Trebuchet MS', sans-serif",
                      "fontSize": 14,
                      "letterSpacing": "normal",
                      "padding": 10,
                      "stroke": "transparent",
                    }
                  }
                  textAnchor="middle"
                  x={248.0369515011547}
                >
                  0.6
                </tspan>
              </text>
            </g>
            <g
              role="presentation"
            >
              <text
                direction="inherit"
                dx={0}
                dy={11.969999999999999}
                id="chart-axis-2-tickLabels-3"
                x={314.0492686682063}
                y={261}
              >
                <tspan
                  dx={0}
                  style={
                    Object {
                      "fill": "#252525",
                      "fontFamily": "'Gill Sans', 'Gill Sans MT', 'Seravek', 'Trebuchet MS', sans-serif",
                      "fontSize": 14,
                      "letterSpacing": "normal",
                      "padding": 10,
                      "stroke": "transparent",
                    }
                  }
                  textAnchor="middle"
                  x={314.0492686682063}
                >
                  0.8
                </tspan>
              </text>
            </g>
            <g
              role="presentation"
            >
              <text
                direction="inherit"
                dx={0}
                dy={11.969999999999999}
                id="chart-axis-2-tickLabels-4"
                x={380.0615858352579}
                y={261}
              >
                <tspan
                  dx={0}
                  style={
                    Object {
                      "fill": "#252525",
                      "fontFamily": "'Gill Sans', 'Gill Sans MT', 'Seravek', 'Trebuchet MS', sans-serif",
                      "fontSize": 14,
                      "letterSpacing": "normal",
                      "padding": 10,
                      "stroke": "transparent",
                    }
                  }
                  textAnchor="middle"
                  x={380.0615858352579}
                >
                  1.0
                </tspan>
              </text>
            </g>
          </g>
        </svg>
        <div
          style={
            Object {
              "height": "auto",
              "left": 0,
              "position": "absolute",
              "top": 0,
              "width": "100%",
              "zIndex": 99,
            }
          }
        >
          <svg
            height={300}
            style={
              Object {
                "height": "auto",
                "overflow": "visible",
                "width": "100%",
              }
            }
            viewBox="0 0 450 300"
            width={450}
          />
        </div>
      </div>
    </div>
  </div>
  <div
    className="sc-bxivhb AtLef"
  >
    <h2
      className="sc-EHOje byRdfD"
    >
      Meter Readings
    </h2>
    <table
      className="sc-bwzfXH fFxesk"
    >
      <thead>
        <tr>
          <th>
            Date
          </th>
          <th>
            Reading
          </th>
          <th>
            Unit
          </th>
        </tr>
      </thead>
      <tbody />
    </table>
  </div>
</div>
`;
